// Jest Snapshot v1, https://goo.gl/fbAQLP

exports[`renders a snapshot 1`] = `
Array [
  <div
    id="top"
  />,
  <table
    className="MuiTable-root table table-sm weather-forecast-summary css-rqglhn-MuiTable-root"
    role={null}
  >
    <thead
      className="MuiTableHead-root table-heading css-15wwp11-MuiTableHead-root"
      role={null}
    >
      <tr
        className="MuiTableRow-root MuiTableRow-head css-1q1u3t4-MuiTableRow-root"
        role={null}
      >
        <th
          aria-sort={null}
          className="MuiTableCell-root MuiTableCell-head MuiTableCell-sizeMedium css-1ygcj2i-MuiTableCell-root"
          scope="col"
        >
          Location
        </th>
        <th
          aria-sort={null}
          className="MuiTableCell-root MuiTableCell-head MuiTableCell-sizeMedium css-1ygcj2i-MuiTableCell-root"
          scope="col"
        >
          SAT APR 17
        </th>
        <th
          aria-sort={null}
          className="MuiTableCell-root MuiTableCell-head MuiTableCell-sizeMedium css-1ygcj2i-MuiTableCell-root"
          scope="col"
        >
          SUN APR 18
        </th>
        <th
          aria-sort={null}
          className="MuiTableCell-root MuiTableCell-head MuiTableCell-sizeMedium css-1ygcj2i-MuiTableCell-root"
          scope="col"
        >
          MON APR 19
        </th>
        <th
          aria-sort={null}
          className="MuiTableCell-root MuiTableCell-head MuiTableCell-sizeMedium css-1ygcj2i-MuiTableCell-root"
          scope="col"
        >
          TUE APR 20
        </th>
        <th
          aria-sort={null}
          className="MuiTableCell-root MuiTableCell-head MuiTableCell-sizeMedium css-1ygcj2i-MuiTableCell-root"
          scope="col"
        >
          WED APR 21
        </th>
        <th
          aria-sort={null}
          className="MuiTableCell-root MuiTableCell-head MuiTableCell-sizeMedium css-1ygcj2i-MuiTableCell-root"
          scope="col"
        >
          THU APR 22
        </th>
        <th
          aria-sort={null}
          className="MuiTableCell-root MuiTableCell-head MuiTableCell-sizeMedium css-1ygcj2i-MuiTableCell-root"
          scope="col"
        >
          FRI APR 23
        </th>
        <th
          aria-sort={null}
          className="MuiTableCell-root MuiTableCell-head MuiTableCell-sizeMedium css-1ygcj2i-MuiTableCell-root"
          scope="col"
        >
          SAT APR 24
        </th>
        <th
          aria-sort={null}
          className="MuiTableCell-root MuiTableCell-head MuiTableCell-sizeMedium css-1ygcj2i-MuiTableCell-root"
          scope="col"
        >
          SUN APR 25
        </th>
        <th
          aria-sort={null}
          className="MuiTableCell-root MuiTableCell-head MuiTableCell-sizeMedium css-1ygcj2i-MuiTableCell-root"
          scope="col"
        >
          MON APR 26
        </th>
        <th
          aria-sort={null}
          className="MuiTableCell-root MuiTableCell-head MuiTableCell-sizeMedium css-1ygcj2i-MuiTableCell-root"
          scope="col"
        >
          TUE APR 27
        </th>
        <th
          aria-sort={null}
          className="MuiTableCell-root MuiTableCell-head MuiTableCell-sizeMedium css-1ygcj2i-MuiTableCell-root"
          scope="col"
        >
          WED APR 28
        </th>
        <th
          aria-sort={null}
          className="MuiTableCell-root MuiTableCell-head MuiTableCell-sizeMedium css-1ygcj2i-MuiTableCell-root"
          scope="col"
        >
          THU APR 29
        </th>
        <th
          aria-sort={null}
          className="MuiTableCell-root MuiTableCell-head MuiTableCell-sizeMedium css-1ygcj2i-MuiTableCell-root"
          scope="col"
        >
          FRI APR 30
        </th>
        <th
          aria-sort={null}
          className="MuiTableCell-root MuiTableCell-head MuiTableCell-sizeMedium css-1ygcj2i-MuiTableCell-root"
          scope="col"
        >
          SAT MAY 01
        </th>
      </tr>
    </thead>
    <tbody
      className="MuiTableBody-root css-apqrd9-MuiTableBody-root"
      role={null}
    >
      <tr
        className="MuiTableRow-root region-details css-1q1u3t4-MuiTableRow-root"
        role={null}
      >
        <td
          aria-sort={null}
          className="MuiTableCell-root MuiTableCell-body MuiTableCell-alignCenter MuiTableCell-sizeMedium css-1yhpg23-MuiTableCell-root"
          colSpan={16}
        >
          Cities
        </td>
      </tr>
      <tr
        className="MuiTableRow-root weather-cell css-1q1u3t4-MuiTableRow-root"
        role={null}
      >
        <td
          aria-sort={null}
          className="MuiTableCell-root MuiTableCell-body MuiTableCell-sizeMedium weather-cell css-1ex1afd-MuiTableCell-root"
        >
          <a
            className="MuiTypography-root MuiTypography-inherit MuiLink-root MuiLink-underlineAlways css-1ps4owl-MuiTypography-root-MuiLink-root"
            href="#seattle"
            onBlur={[Function]}
            onFocus={[Function]}
          >
            SEATTLE CITY
          </a>
        </td>
        <td
          aria-sort={null}
          className="MuiTableCell-root MuiTableCell-body MuiTableCell-sizeMedium weather-cell center  weekend  css-1ex1afd-MuiTableCell-root"
        >
          <i
            className="wi weather-icon wi-day-sunny day-sunny "
            title="Clear conditions throughout the day."
          />
        </td>
        <td
          aria-sort={null}
          className="MuiTableCell-root MuiTableCell-body MuiTableCell-sizeMedium weather-cell center  weekend  css-1ex1afd-MuiTableCell-root"
        >
          <i
            className="wi weather-icon wi-day-sunny day-sunny "
            title="Clear conditions throughout the day."
          />
        </td>
        <td
          aria-sort={null}
          className="MuiTableCell-root MuiTableCell-body MuiTableCell-sizeMedium weather-cell center   css-1ex1afd-MuiTableCell-root"
        >
          <i
            className="wi weather-icon wi-day-sunny day-sunny "
            title="Clear conditions throughout the day."
          />
        </td>
        <td
          aria-sort={null}
          className="MuiTableCell-root MuiTableCell-body MuiTableCell-sizeMedium weather-cell center   css-1ex1afd-MuiTableCell-root"
        >
          <i
            className="wi weather-icon wi-day-cloudy day-cloudy "
            title="Partly cloudy throughout the day."
          />
        </td>
        <td
          aria-sort={null}
          className="MuiTableCell-root MuiTableCell-body MuiTableCell-sizeMedium weather-cell center   css-1ex1afd-MuiTableCell-root"
        >
          <i
            className="wi weather-icon wi-day-cloudy day-cloudy "
            title="Partly cloudy throughout the day."
          />
        </td>
        <td
          aria-sort={null}
          className="MuiTableCell-root MuiTableCell-body MuiTableCell-sizeMedium weather-cell center   css-1ex1afd-MuiTableCell-root"
        >
          <i
            className="wi weather-icon wi-rain rain "
            title="Partly cloudy throughout the day with a chance of rain."
          />
        </td>
        <td
          aria-sort={null}
          className="MuiTableCell-root MuiTableCell-body MuiTableCell-sizeMedium weather-cell center   css-1ex1afd-MuiTableCell-root"
        >
          <i
            className="wi weather-icon wi-rain rain "
            title="Partly cloudy throughout the day with morning rain."
          />
        </td>
        <td
          aria-sort={null}
          className="MuiTableCell-root MuiTableCell-body MuiTableCell-sizeMedium weather-cell center  weekend  css-1ex1afd-MuiTableCell-root"
        >
          <i
            className="wi weather-icon wi-rain rain "
            title="Cloudy skies throughout the day with a chance of rain."
          />
        </td>
        <td
          aria-sort={null}
          className="MuiTableCell-root MuiTableCell-body MuiTableCell-sizeMedium weather-cell center  weekend  css-1ex1afd-MuiTableCell-root"
        >
          <i
            className="wi weather-icon wi-rain rain "
            title="Cloudy skies throughout the day with a chance of rain throughout the day."
          />
        </td>
        <td
          aria-sort={null}
          className="MuiTableCell-root MuiTableCell-body MuiTableCell-sizeMedium weather-cell center   css-1ex1afd-MuiTableCell-root"
        >
          <i
            className="wi weather-icon wi-rain rain "
            title="Partly cloudy throughout the day with rain in the morning and afternoon."
          />
        </td>
        <td
          aria-sort={null}
          className="MuiTableCell-root MuiTableCell-body MuiTableCell-sizeMedium weather-cell center   css-1ex1afd-MuiTableCell-root"
        >
          <i
            className="wi weather-icon wi-cloudy cloudy sunshine-50"
            title="Partly cloudy throughout the day."
          />
        </td>
        <td
          aria-sort={null}
          className="MuiTableCell-root MuiTableCell-body MuiTableCell-sizeMedium weather-cell center   css-1ex1afd-MuiTableCell-root"
        >
          <i
            className="wi weather-icon wi-cloudy cloudy sunshine-50"
            title="Cloudy skies throughout the day."
          />
        </td>
        <td
          aria-sort={null}
          className="MuiTableCell-root MuiTableCell-body MuiTableCell-sizeMedium weather-cell center   css-1ex1afd-MuiTableCell-root"
        >
          <i
            className="wi weather-icon wi-cloudy cloudy sunshine-50"
            title="Partly cloudy throughout the day."
          />
        </td>
        <td
          aria-sort={null}
          className="MuiTableCell-root MuiTableCell-body MuiTableCell-sizeMedium weather-cell center   css-1ex1afd-MuiTableCell-root"
        >
          <i
            className="wi weather-icon wi-cloudy cloudy sunshine-50"
            title="Cloudy skies throughout the day."
          />
        </td>
        <td
          aria-sort={null}
          className="MuiTableCell-root MuiTableCell-body MuiTableCell-sizeMedium weather-cell center  weekend  css-1ex1afd-MuiTableCell-root"
        >
          <i
            className="wi weather-icon wi-cloudy cloudy sunshine-10"
            title="Partly cloudy throughout the day."
          />
        </td>
      </tr>
      <tr
        className="MuiTableRow-root weather-cell css-1q1u3t4-MuiTableRow-root"
        role={null}
      >
        <td
          aria-sort={null}
          className="MuiTableCell-root MuiTableCell-body MuiTableCell-sizeMedium weather-cell css-1ex1afd-MuiTableCell-root"
        >
          <a
            className="MuiTypography-root MuiTypography-inherit MuiLink-root MuiLink-underlineAlways css-1ps4owl-MuiTypography-root-MuiLink-root"
            href="#bonney_lake"
            onBlur={[Function]}
            onFocus={[Function]}
          >
            BONNEY LAKE
          </a>
        </td>
        <td
          aria-sort={null}
          className="MuiTableCell-root MuiTableCell-body MuiTableCell-sizeMedium weather-cell center  weekend  css-1ex1afd-MuiTableCell-root"
        >
          <i
            className="wi weather-icon wi-day-sunny day-sunny "
            title="Clear conditions throughout the day."
          />
        </td>
        <td
          aria-sort={null}
          className="MuiTableCell-root MuiTableCell-body MuiTableCell-sizeMedium weather-cell center  weekend  css-1ex1afd-MuiTableCell-root"
        >
          <i
            className="wi weather-icon wi-day-sunny day-sunny "
            title="Clear conditions throughout the day."
          />
        </td>
        <td
          aria-sort={null}
          className="MuiTableCell-root MuiTableCell-body MuiTableCell-sizeMedium weather-cell center   css-1ex1afd-MuiTableCell-root"
        >
          <i
            className="wi weather-icon wi-day-sunny day-sunny "
            title="Clear conditions throughout the day."
          />
        </td>
        <td
          aria-sort={null}
          className="MuiTableCell-root MuiTableCell-body MuiTableCell-sizeMedium weather-cell center   css-1ex1afd-MuiTableCell-root"
        >
          <i
            className="wi weather-icon wi-rain rain "
            title="Partly cloudy throughout the day with rain in the morning and afternoon."
          />
        </td>
        <td
          aria-sort={null}
          className="MuiTableCell-root MuiTableCell-body MuiTableCell-sizeMedium weather-cell center   css-1ex1afd-MuiTableCell-root"
        >
          <i
            className="wi weather-icon wi-day-cloudy day-cloudy "
            title="Partly cloudy throughout the day."
          />
        </td>
        <td
          aria-sort={null}
          className="MuiTableCell-root MuiTableCell-body MuiTableCell-sizeMedium weather-cell center   css-1ex1afd-MuiTableCell-root"
        >
          <i
            className="wi weather-icon wi-rain rain "
            title="Partly cloudy throughout the day with a chance of rain."
          />
        </td>
        <td
          aria-sort={null}
          className="MuiTableCell-root MuiTableCell-body MuiTableCell-sizeMedium weather-cell center   css-1ex1afd-MuiTableCell-root"
        >
          <i
            className="wi weather-icon wi-rain rain "
            title="Partly cloudy throughout the day with rain."
          />
        </td>
        <td
          aria-sort={null}
          className="MuiTableCell-root MuiTableCell-body MuiTableCell-sizeMedium weather-cell center  weekend  css-1ex1afd-MuiTableCell-root"
        >
          <i
            className="wi weather-icon wi-rain rain "
            title="Cloudy skies throughout the day with rain."
          />
        </td>
        <td
          aria-sort={null}
          className="MuiTableCell-root MuiTableCell-body MuiTableCell-sizeMedium weather-cell center  weekend  css-1ex1afd-MuiTableCell-root"
        >
          <i
            className="wi weather-icon wi-rain rain "
            title="Cloudy skies throughout the day with a chance of rain."
          />
        </td>
        <td
          aria-sort={null}
          className="MuiTableCell-root MuiTableCell-body MuiTableCell-sizeMedium weather-cell center   css-1ex1afd-MuiTableCell-root"
        >
          <i
            className="wi weather-icon wi-rain rain "
            title="Cloudy skies throughout the day with a chance of rain."
          />
        </td>
        <td
          aria-sort={null}
          className="MuiTableCell-root MuiTableCell-body MuiTableCell-sizeMedium weather-cell center   css-1ex1afd-MuiTableCell-root"
        >
          <i
            className="wi weather-icon wi-rain rain "
            title="Partly cloudy throughout the day with a chance of rain."
          />
        </td>
        <td
          aria-sort={null}
          className="MuiTableCell-root MuiTableCell-body MuiTableCell-sizeMedium weather-cell center   css-1ex1afd-MuiTableCell-root"
        >
          <i
            className="wi weather-icon wi-rain rain "
            title="Cloudy skies throughout the day with rain in the morning and afternoon."
          />
        </td>
        <td
          aria-sort={null}
          className="MuiTableCell-root MuiTableCell-body MuiTableCell-sizeMedium weather-cell center   css-1ex1afd-MuiTableCell-root"
        >
          <i
            className="wi weather-icon wi-cloudy cloudy sunshine-50"
            title="Partly cloudy throughout the day."
          />
        </td>
        <td
          aria-sort={null}
          className="MuiTableCell-root MuiTableCell-body MuiTableCell-sizeMedium weather-cell center   css-1ex1afd-MuiTableCell-root"
        >
          <i
            className="wi weather-icon wi-cloudy cloudy sunshine-50"
            title="Cloudy skies throughout the day."
          />
        </td>
        <td
          aria-sort={null}
          className="MuiTableCell-root MuiTableCell-body MuiTableCell-sizeMedium weather-cell center  weekend  css-1ex1afd-MuiTableCell-root"
        >
          <i
            className="wi weather-icon wi-cloudy cloudy sunshine-10"
            title="Clearing in the afternoon."
          />
        </td>
      </tr>
    </tbody>
  </table>,
]
`;
